Creating ellipse polygon...
Polygon has 64 points

Generating grid...
  [GRID-DEBUG] Using optimized generator from grid.polygon_grid...
  [GRID-DEBUG] Optimized generator returned 1531 cells
  [GRID] Generated 1531 cells

✅ Generated 1531 cells

Bounding Box:
  Lat range: 47.126 to 47.541 (height: 0.414°)
  Lon range: 66.450 to 67.101 (width: 0.651°)

Expected cells:
  Rectangle (bbox): ~2328
  Ellipse (π/4 * bbox): ~1827
  Actual: 1531

Fill ratio: 65.76%
✅ PASS: Grid is ELLIPTICAL (ratio < 85%)
[GeoJSON] WARNING: Using DEFAULT values for Cell 1 (No OTU data found)

📁 Saved grid to test_grid_output.geojson
   Open in geojson.io to verify shape
